// Jest Snapshot v1, https://goo.gl/fbAQLP

exports[`matches snapshot 1`] = `
<DocumentFragment>
  <div
    class="Box"
  >
    <div
      style="height: 5rem; width: 5rem; background-color: blue;"
    >
      <button>
        X
      </button>
    </div>
  </div>
</DocumentFragment>
`;
